// Jest Snapshot v1, https://goo.gl/fbAQLP

exports[`Filters snapshot: Filters 1`] = `<DocumentFragment />`;
