// Jest Snapshot v1, https://goo.gl/fbAQLP

exports[`Home snapshot: Home 1`] = `<DocumentFragment />`;
