// Jest Snapshot v1, https://goo.gl/fbAQLP

exports[`LoginSuccessRedirect snapshot: LoginSuccessRedirect 1`] = `
<DocumentFragment>
  <div>
    <div
      class="page-loading-indicator"
    >
      <span
        class="MuiLinearProgress-root MuiLinearProgress-colorPrimary MuiLinearProgress-indeterminate css-eglki6-MuiLinearProgress-root"
        role="progressbar"
      >
        <span
          class="MuiLinearProgress-bar MuiLinearProgress-barColorPrimary MuiLinearProgress-bar1Indeterminate css-5ir5xx-MuiLinearProgress-bar1"
        />
        <span
          class="MuiLinearProgress-bar MuiLinearProgress-barColorPrimary MuiLinearProgress-bar2Indeterminate css-1r8wrcl-MuiLinearProgress-bar2"
        />
      </span>
    </div>
  </div>
</DocumentFragment>
`;
