// Jest Snapshot v1, https://goo.gl/fbAQLP

exports[`OpenTask snapshot: OpenTask 1`] = `
<DocumentFragment>
  <div
    class="modal task-modal"
  >
    <div
      class="task-dialog"
    >
      <div
        class="flex task-dialog-top"
      >
        <button
          class="icon "
          title="Close"
        >
          <svg
            aria-hidden="true"
            class="MuiSvgIcon-root MuiSvgIcon-fontSizeMedium css-i4bv87-MuiSvgIcon-root"
            data-testid="CloseIcon"
            focusable="false"
            viewBox="0 0 24 24"
          >
            <path
              d="M19 6.41 17.59 5 12 10.59 6.41 5 5 6.41 10.59 12 5 17.59 6.41 19 12 13.41 17.59 19 19 17.59 13.41 12z"
            />
          </svg>
        </button>
        <button
          class="icon "
          title="Edit"
        >
          <svg
            aria-hidden="true"
            class="MuiSvgIcon-root MuiSvgIcon-fontSizeMedium css-i4bv87-MuiSvgIcon-root"
            data-testid="EditIcon"
            focusable="false"
            viewBox="0 0 24 24"
          >
            <path
              d="M3 17.25V21h3.75L17.81 9.94l-3.75-3.75L3 17.25zM20.71 7.04c.39-.39.39-1.02 0-1.41l-2.34-2.34a.9959.9959 0 0 0-1.41 0l-1.83 1.83 3.75 3.75 1.83-1.83z"
            />
          </svg>
        </button>
      </div>
      <div
        class="open-task-wrapper"
      >
        <h1
          class="task-dialog-title flex"
        >
          Task 1
        </h1>
        <div
          class="center"
        >
          <section
            class="task-description"
          />
        </div>
      </div>
    </div>
  </div>
</DocumentFragment>
`;
