// Jest Snapshot v1, https://goo.gl/fbAQLP

exports[`Stats snapshot: Stats 1`] = `
<DocumentFragment>
  <header
    class="flex"
    id="header"
  >
    <span
      class="flex"
      id="header-first"
    >
      <button
        class="icon "
        title="Open categories"
      >
        <svg
          aria-hidden="true"
          class="MuiSvgIcon-root MuiSvgIcon-fontSizeMedium css-i4bv87-MuiSvgIcon-root"
          data-testid="MenuIcon"
          focusable="false"
          viewBox="0 0 24 24"
        >
          <path
            d="M3 18h18v-2H3v2zm0-5h18v-2H3v2zm0-7v2h18V6H3z"
          />
        </svg>
      </button>
      <a
        class="center"
        data-testid="header-home-link"
        href="/"
      >
        <div
          class="logo center"
          title="TaskFlow"
        >
          <svg
            aria-hidden="true"
            class="MuiSvgIcon-root MuiSvgIcon-fontSizeMedium css-i4bv87-MuiSvgIcon-root"
            data-testid="MovingIcon"
            focusable="false"
            viewBox="0 0 24 24"
          >
            <path
              d="M19.71 9.71 22 12V6h-6l2.29 2.29-4.17 4.17c-.39.39-1.02.39-1.41 0l-1.17-1.17c-1.17-1.17-3.07-1.17-4.24 0L2 16.59 3.41 18l5.29-5.29c.39-.39 1.02-.39 1.41 0l1.17 1.17c1.17 1.17 3.07 1.17 4.24 0l4.19-4.17z"
            />
          </svg>
          <span
            class="logo-task"
          >
            Task
          </span>
          <span
            class="logo-flow"
          >
            Flow
          </span>
        </div>
      </a>
    </span>
    <span
      class="flex"
      id="header-second"
    >
      <a
        class="icon"
        data-testid="header-stats-link"
        href="/stats"
        title="Stats"
      >
        <svg
          aria-hidden="true"
          class="MuiSvgIcon-root MuiSvgIcon-fontSizeMedium css-i4bv87-MuiSvgIcon-root"
          data-testid="BarChartIcon"
          focusable="false"
          viewBox="0 0 24 24"
        >
          <path
            d="M4 9h4v11H4zm12 4h4v7h-4zm-6-9h4v16h-4z"
          />
        </svg>
      </a>
      <button
        class="icon "
        title="Sign In"
      >
        <svg
          aria-hidden="true"
          class="MuiSvgIcon-root MuiSvgIcon-fontSizeMedium css-i4bv87-MuiSvgIcon-root"
          data-testid="LoginOutlinedIcon"
          focusable="false"
          viewBox="0 0 24 24"
        >
          <path
            d="M11 7 9.6 8.4l2.6 2.6H2v2h10.2l-2.6 2.6L11 17l5-5-5-5zm9 12h-8v2h8c1.1 0 2-.9 2-2V5c0-1.1-.9-2-2-2h-8v2h8v14z"
          />
        </svg>
      </button>
    </span>
  </header>
  <main>
    <div
      class="categories-slider "
      data-testid="categories"
      id="categories-dropdown"
    >
      <div
        class="categories "
      >
        <div
          class="center"
          id="categories-list-container"
        >
          <ol
            id="categories-list"
          >
            <li
              class="category-li flex"
            >
              <a
                class="flex"
                href="/"
              >
                <span
                  class="text-overflow"
                >
                  All
                </span>
                <span>
                  (5)
                </span>
              </a>
            </li>
            <li
              class="category-li flex"
            >
              <a
                class="flex text-overflow"
                href="/?categories=Tasks"
              >
                <span
                  class="text-overflow"
                  title="Tasks"
                >
                  Tasks
                </span>
                <span
                  title="5 tasks"
                >
                  (5)
                </span>
              </a>
              <button
                class="icon "
                data-testid="Tasks-menu"
                title="More"
              >
                <svg
                  aria-hidden="true"
                  class="MuiSvgIcon-root MuiSvgIcon-fontSizeMedium css-i4bv87-MuiSvgIcon-root"
                  data-testid="MoreVertOutlinedIcon"
                  focusable="false"
                  viewBox="0 0 24 24"
                >
                  <path
                    d="M12 8c1.1 0 2-.9 2-2s-.9-2-2-2-2 .9-2 2 .9 2 2 2zm0 2c-1.1 0-2 .9-2 2s.9 2 2 2 2-.9 2-2-.9-2-2-2zm0 6c-1.1 0-2 .9-2 2s.9 2 2 2 2-.9 2-2-.9-2-2-2z"
                  />
                </svg>
              </button>
            </li>
          </ol>
        </div>
        <button
          class="center"
          id="add-category"
          title="Add new category"
        >
          <span
            class="center"
          >
            <svg
              aria-hidden="true"
              class="MuiSvgIcon-root MuiSvgIcon-fontSizeMedium css-i4bv87-MuiSvgIcon-root"
              data-testid="AddIcon"
              focusable="false"
              viewBox="0 0 24 24"
            >
              <path
                d="M19 13h-6v6h-2v-6H5v-2h6V5h2v6h6v2z"
              />
            </svg>
          </span>
          New Category
        </button>
      </div>
    </div>
    <div
      class="column"
      id="stats"
    >
      <div
        class="column"
        id="stats-wrapper"
      >
        <div
          class="flex"
          id="stats-top"
        >
          <span
            class="nav-item center"
          >
            <button
              class="icon "
              title="Filters"
            >
              <svg
                aria-hidden="true"
                class="MuiSvgIcon-root MuiSvgIcon-fontSizeMedium css-i4bv87-MuiSvgIcon-root"
                data-testid="FilterListIcon"
                focusable="false"
                viewBox="0 0 24 24"
              >
                <path
                  d="M10 18h4v-2h-4v2zM3 6v2h18V6H3zm3 7h12v-2H6v2z"
                />
              </svg>
            </button>
          </span>
          <h1
            class="flex"
            id="stats-heading"
          >
            Tasks:
          </h1>
        </div>
        <span
          class="center stats-empty"
        >
          Sign in to unlock this feature
        </span>
      </div>
    </div>
  </main>
  <footer
    class="center"
  >
    <div
      class="center"
      id="footer-div"
    >
      <a
        aria-label="Go to home page"
        href="/"
        id="footer-link"
        title="Home"
      >
        <div
          class="logo center"
          title="TaskFlow"
        >
          <svg
            aria-hidden="true"
            class="MuiSvgIcon-root MuiSvgIcon-fontSizeMedium css-i4bv87-MuiSvgIcon-root"
            data-testid="MovingIcon"
            focusable="false"
            viewBox="0 0 24 24"
          >
            <path
              d="M19.71 9.71 22 12V6h-6l2.29 2.29-4.17 4.17c-.39.39-1.02.39-1.41 0l-1.17-1.17c-1.17-1.17-3.07-1.17-4.24 0L2 16.59 3.41 18l5.29-5.29c.39-.39 1.02-.39 1.41 0l1.17 1.17c1.17 1.17 3.07 1.17 4.24 0l4.19-4.17z"
            />
          </svg>
          <span
            class="logo-task"
          >
            Task
          </span>
          <span
            class="logo-flow"
          >
            Flow
          </span>
        </div>
      </a>
      <a
        href="https://farida-mu.vercel.app/#contact"
        id="dev-info"
        target="_blank"
        title="Farida Hasanova"
      >
        Contact the developer
      </a>
    </div>
  </footer>
</DocumentFragment>
`;
